========================================
Google OAuthログイン500エラー対応（クライアントID誤り修正）
実行日時: 2026-09-05
対象サーバ: oci-portfolio（seiya@217.142.230.83）
========================================

## 1. 事象確認

Issue #47の実地確認中、本番環境（https://technohonesty.com/kakeibo/）でGoogleログインを
試行したところ、アカウント選択後の同意画面（accounts.google.com/signin/oauth/v3/consent）で
Google側の「500. エラーが発生しました。」が発生した。redirect_uri_mismatch（Webアプリ用の
典型的な400エラー）ではなく、アカウント選択・redirect_uri受理までは通過していた。

## 2. 原因調査

Google Cloud Console（プロジェクト kakeibo-493407）を確認した結果、以下が判明した。

- webapp/.env.productionのGOOGLE_OAUTH_CLIENT_IDが、Webアプリケーション種別の
  「kakeibo-web」ではなく、デスクトップアプリケーション種別の「kakeibo-gas」を指していた
- デスクトップ種別はリダイレクトURIの事前登録・検証の仕組みを持たないため、
  redirect_uri_mismatchにはならずにアカウント選択まで通過するが、Webフロー用の同意画面を
  構築しようとした際にGoogle側の内部処理で不整合が生じ500エラーになっていたと考えられる
- OAuth同意画面のブランディング（ホームページURL・プライバシーポリシーURL）が未入力だった
- データアクセスのスコープ（openid / userinfo.email / userinfo.profile）が未登録だった

GMAIL_API_CLIENT_ID（Gmail取込機能用、webapp/kakeibo/gmail_client.pyでrefresh_tokenによる
サーバー間アクセスに使用）は、デスクトップ種別のクライアントで問題なく機能する構成のため、
「kakeibo-gas」のままで変更不要と判断した。

## 3. Google Cloud Console側の対応（Console操作のため証跡はConsole上の設定変更履歴を参照）

- OAuth同意画面のブランディングにホームページURL（https://technohonesty.com/kakeibo/）と
  プライバシーポリシーURL（暫定的に同URLを流用）を設定し、検証を実行
- データアクセスのスコープにopenid / userinfo.email / userinfo.profileを追加
- kakeibo-webのクライアントシークレットを1つに整理（旧シークレットを削除）

## 4. 環境変数・Secretの更新

webapp/.env.production（Kubernetes Secretの生成元ファイル、gitignore対象）の
GOOGLE_OAUTH_CLIENT_ID / GOOGLE_OAUTH_CLIENT_SECRETを、kakeibo-webのものに更新した。

$ kubectl patch secret kakeibo-secrets -n kakeibo --type=merge -p '{"data":{"GOOGLE_OAUTH_CLIENT_ID":"<base64>","GOOGLE_OAUTH_CLIENT_SECRET":"<base64>"}}'
secret/kakeibo-secrets patched

- GOOGLE_OAUTH_CLIENT_ID / GOOGLE_OAUTH_CLIENT_SECRETの2キーのみをマージ更新し、
  他のキー（DB_PASSWORD等）は変更していない

## 5. Pod再起動

$ kubectl rollout restart deployment/kakeibo-web -n kakeibo
deployment.apps/kakeibo-web restarted

$ kubectl rollout status deployment/kakeibo-web -n kakeibo --timeout=120s
deployment "kakeibo-web" successfully rolled out

## 6. 反映確認（値は出力せず一致判定のみ）

$ kubectl get secret kakeibo-secrets -n kakeibo -o jsonpath='{.data.GOOGLE_OAUTH_CLIENT_ID}' | base64 -d と期待値の比較
MATCH

## 7. 事前登録ユーザーの誤りを確認・修正

クライアントID修正後の確認の過程で、本番DBの事前登録ユーザー（kakeibo.User、
pre_social_loginでログイン可否を判定するテーブル）に、kakeibo利用者本来のアカウント
（aibdlnew1.sn@gmail.com）ではなく、Google Cloud Console/システム管理者アカウント
（aibdlnew1.work@gmail.com）が登録されている誤りを発見した。

$ kubectl exec -n kakeibo deploy/kakeibo-web -c web -- python manage.py shell -c "
from kakeibo.models import User
print('sn_exists_active:', User.objects.filter(email__iexact='aibdlnew1.sn@gmail.com', is_active=True).exists())
print('work_exists_active:', User.objects.filter(email__iexact='aibdlnew1.work@gmail.com', is_active=True).exists())
"
sn_exists_active: False
work_exists_active: True

aibdlnew1.sn@gmail.comをUserとして追加した（display_name: Seiya、role: general）。

$ kubectl exec -n kakeibo deploy/kakeibo-web -c web -- python manage.py shell -c "
from kakeibo.models import User
u = User.objects.create_user(email='aibdlnew1.sn@gmail.com', display_name='Seiya', role=User.Role.GENERAL)
"

aibdlnew1.work@gmail.com（role: admin）のUserは、管理者用として引き続き有効のまま残した。

========================================
## まとめ

GOOGLE_OAUTH_CLIENT_ID/SECRETをkakeibo-web（Webアプリケーション種別）のものに更新し、
Kubernetes Secretへの反映・Pod再起動まで完了した。あわせて、本番DBの事前登録ユーザーに
kakeibo利用者本来のアカウント（aibdlnew1.sn@gmail.com）が未登録だった誤りを修正し、
一般ユーザーとして追加した。ブラウザでの実地確認（Issue #47）は別途ユーザーが実施する。
========================================
