========================================
gmail.modifyスコープ不足の解消（Issue #59）
実行日時: 2026-09-10
対象サーバ: 217.142.230.83（oci-portfolio、SSH経由）
関連Issue: #59
========================================

## 1. 前提

PR #68（`import_transactions_from_mail.py`が要求するスコープを`gmail.labels`から
`gmail.modify`へ修正）のマージ・本番デプロイ後、動作確認ジョブを実行したところ
以下のエラーでバッチが異常終了することを確認済みだった（前回セッションでの確認結果、
[Issue #59コメント](https://github.com/Seiya-Nakagawa/kakeibo/issues/59#issuecomment-5577152558)参照）。

```
CommandError: メール取込バッチが異常終了しました: ('invalid_scope: Bad Request', ...)
```

コード側は`gmail.modify`を要求するようになったが、当時のリフレッシュトークンは
`gmail.modify`スコープで認可されていなかったため、トークンリフレッシュの時点で
拒否されていた。本ログは、この状態を解消するための一連の作業の記録である。

## 2. Google Cloud Console側の対応（`aibdlnew1.work@gmail.com`で操作）

「Google Auth Platform」→「データアクセス」画面で、OAuthクライアント（`kakeibo-gas`）に
`gmail.modify`スコープを追加した。

- 「どの機能を使用しますか？」→「メール クライアント」を選択
- 「スコープの使用方法」の理由欄に、ラベル付け替え専用であることを説明する文章
  （355文字）を入力し、保存した

Console上の操作のため、コマンド証跡はない。

## 3. `aibdlnew1.sn@gmail.com`での再認可・新リフレッシュトークン取得

このOAuthクライアントはウェブアプリケーション種別のため、OAuth Playgroundではなく
`InstalledAppFlow.run_local_server(port=8765)`方式で認可した
（`http://localhost:8765/`をリダイレクトURIとして登録済み）。

```
$ uv run --with google-auth-oauthlib python -u gmail_oauth.py
Please visit this URL to authorize this application: https://accounts.google.com/o/oauth2/auth?...
scope=.../auth/gmail.readonly+.../auth/gmail.modify+.../auth/gmail.send&...
```

- 表示されたURLを`aibdlnew1.sn@gmail.com`でブラウザから開き、許可した
- `gmail.readonly`・`gmail.modify`・`gmail.send`の3スコープすべてで許可された
  新しいリフレッシュトークンを取得した（値は本ログに記載しない）

## 4. Secretの更新

### 4.1. `.env.production`の更新

`webapp/.env.production`の`GMAIL_API_REFRESH_TOKEN`を新しい値に更新した。

### 4.2. Secretバックアップ取得

```
$ ssh 217.142.230.83 "kubectl get secret kakeibo-secrets -n kakeibo -o yaml" > backup_2026-09-08.yaml
```

29行のバックアップを取得したことを確認後、本対応完了時に削除した（機密情報を含み
`.gitignore`対象外のため、リポジトリに残さない方針とした）。

### 4.3. Secret再作成

```
$ ./scripts/create_secret.sh webapp/.env.production
Creating namespace 'kakeibo' if not exists...
namespace/kakeibo configured
Applying secrets from 'webapp/.env.production'...
secret/kakeibo-secrets configured
✅ Secret 'kakeibo-secrets' successfully updated in namespace 'kakeibo'.
```

### 4.4. Pod再起動

```
$ ssh 217.142.230.83 "kubectl rollout restart deployment/kakeibo-web -n kakeibo && kubectl rollout status deployment/kakeibo-web -n kakeibo --timeout=120s"
deployment.apps/kakeibo-web restarted
...
deployment "kakeibo-web" successfully rolled out
```

## 5. 動作確認

### 5.1. 動作確認Jobの実行

```
$ ssh 217.142.230.83 "kubectl create job --from=cronjob/kakeibo-mail-import mail-import-verify-1788902610 -n kakeibo && kubectl wait --for=condition=complete job/mail-import-verify-1788902610 -n kakeibo --timeout=60s"
job.batch/mail-import-verify-1788902610 created
job.batch/mail-import-verify-1788902610 condition met
```

### 5.2. ログ確認

```
$ ssh 217.142.230.83 "kubectl logs -l job-name=mail-import-verify-1788902610 -n kakeibo"
取込成功: 3件、失敗: 0件
```

`invalid_scope`エラーは発生せず、Jobは`condition=complete`で正常終了した。

### 5.3. DB側（`EmailImportLog`）での確認

```
$ ssh 217.142.230.83 "kubectl exec -n kakeibo deploy/kakeibo-web -c web -- python manage.py shell -c \"
from kakeibo.models import EmailImportLog
for l in EmailImportLog.objects.order_by('-executed_at')[:5]:
    print(l.executed_at, l.service, l.status, l.error_detail)
\""
2026-09-08 21:26:02.375156+00:00 楽天カード success None
2026-09-08 21:26:01.790607+00:00 楽天ペイ（注文受付） success None
2026-09-08 21:26:01.195974+00:00 楽天カード success None
```

3件すべて`status=success`・`error_detail=None`であり、取込に伴うラベル付け替え
（`messages.modify`）を含めて正常に完了していることを確認した。

## 6. Issue #59の残タスクの処理

- OAuth同意画面の公開ステータス確認: ユーザー側で「本番環境」であることを確認済み
- 再発防止（Gmail以外の通知経路の検討）: 本Issue本題とは独立した改善項目のため
  [Issue #69](https://github.com/Seiya-Nakagawa/kakeibo/issues/69)として切り出した

========================================
## まとめ

Issue #59対応中に発見した`gmail.modify`スコープ不足を解消し、`kakeibo-mail-import`の
動作確認ジョブで正常終了（3件成功・0件失敗、ラベル付け替え含む）を確認した。
OAuth同意画面の公開ステータスも確認済みであるため、Issue #59はクローズした。
========================================
