========================================
データ移行最終確認とGAS版停止方針決定
実行日時: 2026-09-18
対象サーバ: kakeibo-web (namespace: kakeibo)
========================================

## 1. 概要

対応Issue: #32
要件定義書4.10.3「移行後、件数および月次合計金額が移行前と一致することを検証する」の
最終確認として、2026-09-06のデータ移行（Issue #31）以降の本番DBの状態を確認し、
現行スプレッドシート「生データ」シートとの突き合わせを行った。

## 2. 本番DBの現状確認

$ ssh seiya@217.142.230.83 "kubectl get pods -n kakeibo"
$ ssh seiya@217.142.230.83 "kubectl exec -n kakeibo kakeibo-web-659d945f47-99t6v -c web -- python manage.py shell -c \"...\""

- StoreRule: 105件（移行時と変わらず）
- FixedCost: 2件（移行時と変わらず）
- Transaction: 393件、合計金額 1,377,565円
  - うち created_at=2026-09-06（移行投入分）: 361件、1,174,185円（Issue #31の移行結果と完全一致）
  - うち created_at=2026-09-07〜2026-09-17: 32件、203,380円
    （新システム自身のメール取込バッチ `kakeibo-mail-import` CronJobが移行後に自動取込した分）

月次内訳（現在のDB、is_deleted=Falseのみ、全件expense）:

| 年月 | 件数 | 合計金額 |
| ---- | ---- | -------- |
| 2026-03 | 1 | 490円 |
| 2026-04 | 110 | 286,568円 |
| 2026-05 | 89 | 262,812円 |
| 2026-06 | 50 | 293,842円 |
| 2026-07 | 50 | 122,740円 |
| 2026-08 | 70 | 303,418円 |
| 2026-09 | 23 | 107,695円 |

2026-08・2026-09が移行時点より増えているのは、上記の新システム自身の自動取込によるもの。

## 3. スプレッドシート側との突き合わせ

ユーザーからスプレッドシート「生データ」シートの内容（一部）を提供してもらい、DBの
移行時点（2026-09-06、created_at基準）の記録と月次で突き合わせた。

| 年月 | 移行時DB記録 | 提供いただいた内容 | 判定 |
| ---- | ------------ | ------------------ | ---- |
| 2026-03 | 1件 / 490円 | 1件 / 490円 | 一致 |
| 2026-04 | 110件 / 286,568円 | 112件 / 289,642円 | 差分はIssue #31移行時に判明・処理済みの重複統合分（佐野SA下り線、ハローサイクリング等）と符合。実質一致とみなす |
| 2026-05 | 89件 / 262,812円 | 33件 / 79,287円 | 提供データが不完全（コピー時の欠落と推定）、突合不可 |
| 2026-06 | 50件 / 293,842円 | 6件 / 8,250円 | 同上、突合不可 |
| 2026-07 | 50件 / 122,740円 | 40件 / 88,416円 | 同上、一部不足 |
| 2026-08 | 59件 / 200,723円 | 59件 / 200,723円 | 完全一致 |
| 2026-09 | 2件 / 7,010円 | 2件 / 7,010円 | 完全一致 |

5月・6月・7月は貼り付けデータの欠落により厳密な全件突合はできなかったが、直近2ヶ月
（8月・9月）が完全一致していること、および2026-09-06の移行時点で361件・1,174,185円の
全件突合が済んでいる（Issue #31証跡参照）ことから、ユーザー判断によりこれ以上の
突合作業は不要と判断した。

## 4. GAS版停止状況の確認

ユーザーへのヒアリングにより、GASのメール取込トリガーは2026-09-06のデータ移行時点で
既に停止済みであることを確認した。そのため、9/6以降スプレッドシートへ自動で新規行が
追加されることはない状態になっている。

## 5. 方針決定

以下のとおり方針を決定した。

- 要件定義書4.10.4に定めるWebアプリデプロイの削除、スプレッドシートの共有権限を
  参照専用へ変更する作業は、今回は実施しない。スプレッドシートは編集可能な状態のまま
  放置し、今後は参照・更新を行わない運用とする
- 上記方針および3.1（トリガー停止）の完了、本確認の結果をもってIssue #32をクローズする
- 3.2・3.3を後日実施する場合は、
  [GAS版停止・スプレッドシートアーカイブ化手順書](../GAS版停止・スプレッドシートアーカイブ化手順書.md)
  の該当手順をそのまま利用する

========================================
## まとめ

対応Issue: #32
本番DBの移行データ（361件・1,174,185円）は2026-09-06時点から変更がないことを確認した。
移行後に新システム自身が自動取込した32件（8月・9月分）を含む現在のDB件数・金額は
スプレッドシート側の直近2ヶ月分の記録と完全一致した。5〜7月は提供データの欠落により
厳密な突合はできなかったが、GASトリガーが移行時点で既に停止済みであることと合わせ、
ユーザー判断によりこれ以上の確認は不要と判断した。GASデプロイの削除・スプレッドシート
共有権限の変更は実施せず放置する方針とし、Issue #32をクローズする。
========================================
